========================================================
  VQC EXPERIMENT SUITE — STARTED
  Thu May 28 17:51:30 CDT 2026
========================================================

--------------------------------------------------------
  STEP 1: Main training run (best-checkpoint saving)
  Started: Thu May 28 17:51:30 CDT 2026
--------------------------------------------------------
/Users/home/Sequence Classifier/.venv/lib/python3.9/site-packages/urllib3/__init__.py:35: NotOpenSSLWarning: urllib3 v2 only supports OpenSSL 1.1.1+, currently the 'ssl' module is compiled with 'LibreSSL 2.8.3'. See: https://github.com/urllib3/urllib3/issues/3020
  warnings.warn(
========================================================
  VQC EXPERIMENT SUITE — STARTED
  Thu May 28 17:57:49 CDT 2026
========================================================

--------------------------------------------------------
  STEP 1: Main training run (best-checkpoint saving)
  Started: Thu May 28 17:57:49 CDT 2026
--------------------------------------------------------
/Users/home/Sequence Classifier/.venv/lib/python3.9/site-packages/urllib3/__init__.py:35: NotOpenSSLWarning: urllib3 v2 only supports OpenSSL 1.1.1+, currently the 'ssl' module is compiled with 'LibreSSL 2.8.3'. See: https://github.com/urllib3/urllib3/issues/3020
  warnings.warn(
Loading data...
  Train: 1652 samples | Val: 206 | Test: 207
  Label distribution (train): 3A=1394 | 3B=258
  Class weight for DNMT3B (positive class): 5.40x

Initializing quantum device (4 qubits, 256 shots)...

Training VQC for 30 epochs...
  Config: 4 qubits | 2 layers | lr=0.01 | batch=32
  Best checkpoint will be saved to: best_vqc_checkpoint.pt
------------------------------------------------------------
  Epoch 01/30 | Train Loss: 1.2724 | Val Loss: 1.1839 | Val Acc: 0.8301 ★ (new best)
  Epoch 02/30 | Train Loss: 1.1845 | Val Loss: 1.1454 | Val Acc: 0.7767 ★ (new best)
  Epoch 03/30 | Train Loss: 1.1566 | Val Loss: 1.1365 | Val Acc: 0.7330 ★ (new best)
  Epoch 04/30 | Train Loss: 1.1363 | Val Loss: 1.1407 | Val Acc: 0.7184
  Epoch 05/30 | Train Loss: 1.1254 | Val Loss: 1.1402 | Val Acc: 0.7039
  Epoch 06/30 | Train Loss: 1.1142 | Val Loss: 1.1227 | Val Acc: 0.7087 ★ (new best)
  Epoch 07/30 | Train Loss: 1.1036 | Val Loss: 1.1284 | Val Acc: 0.7136
  Epoch 08/30 | Train Loss: 1.0971 | Val Loss: 1.1301 | Val Acc: 0.7087
  Epoch 09/30 | Train Loss: 1.1002 | Val Loss: 1.1309 | Val Acc: 0.6505
  Epoch 10/30 | Train Loss: 1.0893 | Val Loss: 1.1279 | Val Acc: 0.6505
  Epoch 11/30 | Train Loss: 1.0867 | Val Loss: 1.1210 | Val Acc: 0.6893 ★ (new best)
  Epoch 12/30 | Train Loss: 1.0882 | Val Loss: 1.1240 | Val Acc: 0.6748
  Epoch 13/30 | Train Loss: 1.0727 | Val Loss: 1.1134 | Val Acc: 0.6893 ★ (new best)
  Epoch 14/30 | Train Loss: 1.0722 | Val Loss: 1.1377 | Val Acc: 0.6650
  Epoch 15/30 | Train Loss: 1.0645 | Val Loss: 1.1231 | Val Acc: 0.6796
  Epoch 16/30 | Train Loss: 1.0687 | Val Loss: 1.1221 | Val Acc: 0.7136
  Epoch 17/30 | Train Loss: 1.0661 | Val Loss: 1.1137 | Val Acc: 0.6602
  Epoch 18/30 | Train Loss: 1.0628 | Val Loss: 1.1385 | Val Acc: 0.6796
  Epoch 19/30 | Train Loss: 1.0667 | Val Loss: 1.1282 | Val Acc: 0.6602
  Epoch 20/30 | Train Loss: 1.0538 | Val Loss: 1.1245 | Val Acc: 0.6845
  Epoch 21/30 | Train Loss: 1.0561 | Val Loss: 1.1360 | Val Acc: 0.6699
  Epoch 22/30 | Train Loss: 1.0535 | Val Loss: 1.1365 | Val Acc: 0.6893
  Epoch 23/30 | Train Loss: 1.0486 | Val Loss: 1.1236 | Val Acc: 0.7039
  Epoch 24/30 | Train Loss: 1.0572 | Val Loss: 1.1190 | Val Acc: 0.6311
  Epoch 25/30 | Train Loss: 1.0514 | Val Loss: 1.1415 | Val Acc: 0.6359
  Epoch 26/30 | Train Loss: 1.0488 | Val Loss: 1.1257 | Val Acc: 0.6262
  Epoch 27/30 | Train Loss: 1.0481 | Val Loss: 1.1403 | Val Acc: 0.6748
  Epoch 28/30 | Train Loss: 1.0506 | Val Loss: 1.1413 | Val Acc: 0.6117
  Epoch 29/30 | Train Loss: 1.0442 | Val Loss: 1.1217 | Val Acc: 0.6408
  Epoch 30/30 | Train Loss: 1.0525 | Val Loss: 1.1260 | Val Acc: 0.6262
------------------------------------------------------------
Training complete. Best checkpoint: epoch 13 (val loss = 1.1134)
Saved to: best_vqc_checkpoint.pt

Evaluating on test set...
  Test Accuracy : 0.6763
  Test AUC      : 0.6581
  Prediction breakdown: {0.0: 133, 1.0: 74}

Collecting hardware metrics from Qiskit Aer...

  ── Quantum Hardware Metrics ──
  Qubits used      : 4
  Total gates      : 37
  Gate breakdown   : {'ry': 12, 'rx': 8, 'rz': 8, 'cx': 8, 'measure': 4, 'barrier': 1}
  Avg latency      : 1.11 ms per circuit
  Throughput       : 904.16 circuits/sec
  Peak memory      : 0.01 MB

Generating figures...
  Saved: vqc_loss_curve.png
  Saved: vqc_roc_curve.png

=======================================================
  RESULTS SUMMARY
=======================================================
  Model        : VQC (4 qubits, 2 layers)
  Test Accuracy: 0.6763
  Test AUC     : 0.6581
  Qubits       : 4
  Gates        : 37
  Latency      : 1.11 ms
  Throughput   : 904.16 circuits/sec
  Peak Memory  : 0.01 MB
=======================================================
Loading data...
  Train: 1652 samples | Val: 206 | Test: 207
  Label distribution (train): 3A=1394 | 3B=258
  Class weight for DNMT3B (positive class): 5.40x

Initializing quantum device (4 qubits, 256 shots)...

Training VQC for 30 epochs...
  Config: 4 qubits | 2 layers | lr=0.01 | batch=32
  Best checkpoint will be saved to: best_vqc_checkpoint.pt
------------------------------------------------------------
  Epoch 01/30 | Train Loss: 1.1781 | Val Loss: 1.1698 | Val Acc: 0.7524 ★ (new best)
  Epoch 02/30 | Train Loss: 1.1711 | Val Loss: 1.1668 | Val Acc: 0.6893 ★ (new best)
  Epoch 03/30 | Train Loss: 1.1608 | Val Loss: 1.1513 | Val Acc: 0.6262 ★ (new best)
  Epoch 04/30 | Train Loss: 1.1351 | Val Loss: 1.1174 | Val Acc: 0.6505 ★ (new best)
  Epoch 05/30 | Train Loss: 1.1081 | Val Loss: 1.1218 | Val Acc: 0.6942
  Epoch 06/30 | Train Loss: 1.0974 | Val Loss: 1.1167 | Val Acc: 0.6796 ★ (new best)
  Epoch 07/30 | Train Loss: 1.0884 | Val Loss: 1.1105 | Val Acc: 0.6699 ★ (new best)
  Epoch 08/30 | Train Loss: 1.0881 | Val Loss: 1.1092 | Val Acc: 0.7476 ★ (new best)
  Epoch 09/30 | Train Loss: 1.0808 | Val Loss: 1.1024 | Val Acc: 0.6990 ★ (new best)
  Epoch 10/30 | Train Loss: 1.0756 | Val Loss: 1.1122 | Val Acc: 0.6748
  Epoch 11/30 | Train Loss: 1.0734 | Val Loss: 1.1162 | Val Acc: 0.7282
  Epoch 12/30 | Train Loss: 1.0687 | Val Loss: 1.1171 | Val Acc: 0.7136
  Epoch 13/30 | Train Loss: 1.0700 | Val Loss: 1.1119 | Val Acc: 0.6602
  Epoch 14/30 | Train Loss: 1.0660 | Val Loss: 1.1117 | Val Acc: 0.6505
  Epoch 15/30 | Train Loss: 1.0635 | Val Loss: 1.1163 | Val Acc: 0.6748
  Epoch 16/30 | Train Loss: 1.0637 | Val Loss: 1.1211 | Val Acc: 0.6990
  Epoch 17/30 | Train Loss: 1.0610 | Val Loss: 1.1305 | Val Acc: 0.6748
  Epoch 18/30 | Train Loss: 1.0647 | Val Loss: 1.1063 | Val Acc: 0.6068
  Epoch 19/30 | Train Loss: 1.0575 | Val Loss: 1.1206 | Val Acc: 0.6408
  Epoch 20/30 | Train Loss: 1.0634 | Val Loss: 1.1223 | Val Acc: 0.6893
  Epoch 21/30 | Train Loss: 1.0606 | Val Loss: 1.1237 | Val Acc: 0.6505
  Epoch 22/30 | Train Loss: 1.0594 | Val Loss: 1.1219 | Val Acc: 0.6456
  Epoch 23/30 | Train Loss: 1.0570 | Val Loss: 1.1068 | Val Acc: 0.6699
  Epoch 24/30 | Train Loss: 1.0537 | Val Loss: 1.1093 | Val Acc: 0.6845
  Epoch 25/30 | Train Loss: 1.0513 | Val Loss: 1.1169 | Val Acc: 0.6699
  Epoch 26/30 | Train Loss: 1.0539 | Val Loss: 1.1054 | Val Acc: 0.6262
  Epoch 27/30 | Train Loss: 1.0468 | Val Loss: 1.1228 | Val Acc: 0.6505
  Epoch 28/30 | Train Loss: 1.0507 | Val Loss: 1.1501 | Val Acc: 0.6359
  Epoch 29/30 | Train Loss: 1.0580 | Val Loss: 1.1267 | Val Acc: 0.6699
  Epoch 30/30 | Train Loss: 1.0494 | Val Loss: 1.1302 | Val Acc: 0.6505
------------------------------------------------------------
Training complete. Best checkpoint: epoch 9 (val loss = 1.1024)
Saved to: best_vqc_checkpoint.pt

Evaluating on test set...
  Test Accuracy : 0.6329
  Test AUC      : 0.6128
  Prediction breakdown: {0.0: 140, 1.0: 67}

Collecting hardware metrics from Qiskit Aer...

  ── Quantum Hardware Metrics ──
  Qubits used      : 4
  Total gates      : 37
  Gate breakdown   : {'ry': 12, 'rx': 8, 'rz': 8, 'cx': 8, 'measure': 4, 'barrier': 1}
  Avg latency      : 0.99 ms per circuit
  Throughput       : 1013.23 circuits/sec
  Peak memory      : 0.01 MB

Generating figures...
  Saved: vqc_loss_curve.png
  Saved: vqc_roc_curve.png

=======================================================
  RESULTS SUMMARY
=======================================================
  Model        : VQC (4 qubits, 2 layers)
  Test Accuracy: 0.6329
  Test AUC     : 0.6128
  Qubits       : 4
  Gates        : 37
  Latency      : 0.99 ms
  Throughput   : 1013.23 circuits/sec
  Peak Memory  : 0.01 MB
=======================================================

  Step 1 complete: Sun May 31 04:15:44 CDT 2026
run_all_experiments.sh: line 61: unexpected EOF while looking for matching `"'
run_all_experiments.sh: line 62: syntax error: unexpected end of file
